// Jest Snapshot v1, https://goo.gl/fbAQLP

exports[`App snapshot matches 1`] = `
<div
  className="App"
>
  <h1
    className="App-header"
  >
    Stuff I need to do
  </h1>
  <ListsOverview />
  <TodoList />
  <footer>
    This project was inspired by Kevin Powell's 
    <a
      href="https://github.com/kevin-powell/todo-list-collab"
    >
      todo-list-collab
    </a>
  </footer>
</div>
`;
